2 2 2 2 2 2 2 2 4 2 3 10 2 2 2 2 2 1 1
2 7 13 2 2 2 2 2 4 2 3 10 2 1 1 1
2 7 13 2 2 2 2 2 2 4 2 3 10
2 2 2 2 2 2 5 6 2 4 2 3 10 2 7 13
2 2 2 2 2 2 4 2 3 10 10 2 7 13 2 1 1
