B-zip
O O O B-numberofpeople O
O O O B-numberofpeople O O B-moviename
O O O B-numberofpeople O
O O O O O O B-moviename
O O O O O O B-moviename I-moviename
O O O O O B-moviename I-moviename I-moviename B-date
O O O O O B-moviename I-moviename O B-theater I-theater I-theater
O O O O O B-moviename I-moviename B-date
O O O O O B-moviename B-date
O O O O O B-moviename O B-theater I-theater I-theater I-theater I-theater
O O O O O B-moviename B-date
O O O O O B-moviename O B-theater I-theater
O O O O O B-moviename B-date
O O B-numberofpeople O O
O O O O B-moviename I-moviename O B-starttime I-starttime
O O O O O O B-date I-date
O O O O O O B-date
O O O O O B-starttime I-starttime
O O O O O B-starttime I-starttime
O O O O O B-theater I-theater I-theater I-theater I-theater
O O O O O B-starttime I-starttime
O O O O O B-city
O O O O O B-theater I-theater I-theater
O O O O O B-starttime I-starttime I-starttime
O O O O O B-city
O O O O O B-starttime I-city
O O O O O B-date
O O O O O B-theater I-theater I-theater I-theater
O O O O B-moviename I-moviename I-moviename
O O B-numberofpeople O O
O O O B-numberofpeople O O O O O O O O O O O
O O O B-numberofpeople O O O O O O O O O O O
B-closing I-closing
O O O O O O O O B-city B-state
O O O O O O O O B-numberofpeople O O B-city I-city
O O O O O O B-moviename I-moviename I-moviename
O O O O O O B-moviename B-date
O O O O O O B-moviename I-moviename O B-theater I-theater
O O O O O O B-moviename I-moviename O B-city
O O O O O O B-moviename I-moviename B-date I-date
O O O O O O B-moviename O B-state
O O O O O O B-numberofpeople O O B-theater I-theater I-theater
O O O O O O B-numberofpeople O O B-moviename
O O O O O O B-numberofpeople O O B-city
O O O O O O O O B-state
O O O O O O O O O B-numberofpeople O
O O O O O O O O O B-numberofpeople O O B-city B-zip
O O O O O B-date I-date O O B-numberofpeople O
O O O O O B-date I-date O O B-numberofpeople O
O O O O O B-theater I-theater I-theater I-theater
O O O O O B-theater I-theater
O O O O O O B-date I-date
O O B-moviename I-moviename I-moviename O
O O B-moviename I-moviename I-moviename O
O O B-moviename O B-distanceconstraints I-distanceconstraints B-zip
O O B-moviename O O B-state
O O O O O B-city B-state
O O O O O O O O B-numberofpeople O O B-date
O O O O O O O O O B-numberofpeople O O B-city I-city
O O O O O O O O O B-numberofpeople O O B-city
O O O O O B-numberofpeople O O B-state
O O O O O B-numberofpeople O O B-moviename
O O O B-moviename O
O O O B-moviename I-moviename I-moviename I-moviename O
O O O O B-moviename I-moviename O B-city I-city
O O O B-city I-moviename O
O O O O O B-moviename O B-starttime I-starttime
O O O O
O
B-greeting O O O O O B-theater I-theater I-theater I-theater I-theater O
B-greeting O O O O O B-theater I-theater I-theater I-theater O
O O O O O O O O O O
O O O O O O
O O O O O O O
O O O B-numberofpeople O
O O O O O B-numberofpeople O
O O B-city I-city
O O B-city I-city
O O B-theater
O O B-moviename O O
B-date I-date
B-date
O
B-moviename
